
> build
> vite build

[36mvite v7.2.2 [32mbuilding client environment for production...[36m[39m
transforming...
[32mΓ£ô[39m 2 modules transformed.
node.exe : [31mΓ£ù[39m 
Build failed in 60ms
At C:\Program 
Files\nodejs\npm.ps1:29 
char:3
+   & $NODE_EXE $NPM_CLI_JS 
$args
+   ~~~~~~~~~~~~~~~~~~~~~~~~
~~~~~
    + CategoryInfo          
    : NotSpecified: ([31m  
  Γ£ù[39m Build failed i   
 n 60ms:String) [], Remo    
teException
    + FullyQualifiedErrorId 
    : NativeCommandError
 
[31merror during build:
[31m[vite]: Rollup failed 
to resolve import "mqtt" 
from "C:/Users/ACER/Document
s/diklat.mdpower.io/resource
s/js/mqtt-client.js".
This is most likely 
unintended because it can 
break your application at 
runtime.
If you do want to 
externalize this module 
explicitly add it to
`build.rollupOptions.externa
l`[31m
    at viteLog (file:///C:/U
sers/ACER/Documents/diklat.m
dpower.io/node_modules/vite/
dist/node/chunks/config.js:3
4254:57)
    at onRollupLog (file:///
C:/Users/ACER/Documents/dikl
at.mdpower.io/node_modules/v
ite/dist/node/chunks/config.
js:34284:7)
    at onLog (file:///C:/Use
rs/ACER/Documents/diklat.mdp
ower.io/node_modules/vite/di
st/node/chunks/config.js:340
86:4)
    at file:///C:/Users/ACER
/Documents/diklat.mdpower.io
/node_modules/rollup/dist/es
/shared/node-entry.js:20947:
32
    at Object.logger [as 
onLog] (file:///C:/Users/ACE
R/Documents/diklat.mdpower.i
o/node_modules/rollup/dist/e
s/shared/node-entry.js:22834
:9)
    at ModuleLoader.handleIn
validResolvedId (file:///C:/
Users/ACER/Documents/diklat.
mdpower.io/node_modules/roll
up/dist/es/shared/node-entry
.js:21578:26)
    at file:///C:/Users/ACER
/Documents/diklat.mdpower.io
/node_modules/rollup/dist/es
/shared/node-entry.js:21536:
26[39m
